#-----------------------------------------------------------
# Vivado v2019.1 (64-bit)
# SW Build 2552052 on Fri May 24 14:49:42 MDT 2019
# IP Build 2548770 on Fri May 24 18:01:18 MDT 2019
# Start of session at: Tue Apr 20 13:22:09 2021
# Process ID: 11364
# Current directory: D:/OneDrive - ITESO/- Semestre 4/Fundamentos de Sistemas Digitales/Practica 3/sistemasDigitales/Cronometro
# Command line: vivado.exe -gui_launcher_event rodinguilauncherevent22144 D:\OneDrive - ITESO\- Semestre 4\Fundamentos de Sistemas Digitales\Practica 3\sistemasDigitales\Cronometro\Cronometro.xpr
# Log file: D:/OneDrive - ITESO/- Semestre 4/Fundamentos de Sistemas Digitales/Practica 3/sistemasDigitales/Cronometro/vivado.log
# Journal file: D:/OneDrive - ITESO/- Semestre 4/Fundamentos de Sistemas Digitales/Practica 3/sistemasDigitales/Cronometro\vivado.jou
#-----------------------------------------------------------
start_gui
open_project {D:/OneDrive - ITESO/- Semestre 4/Fundamentos de Sistemas Digitales/Practica 3/sistemasDigitales/Cronometro/Cronometro.xpr}
update_compile_order -fileset sources_1
reset_run synth_1
launch_runs impl_1 -to_step write_bitstream -jobs 16
wait_on_run impl_1
open_hw
connect_hw_server
open_hw_target
set_property PROGRAM.FILE {D:/OneDrive - ITESO/- Semestre 4/Fundamentos de Sistemas Digitales/Practica 3/sistemasDigitales/Cronometro/Cronometro.runs/impl_1/conometro.bit} [get_hw_devices xc7a35t_0]
current_hw_device [get_hw_devices xc7a35t_0]
refresh_hw_device -update_hw_probes false [lindex [get_hw_devices xc7a35t_0] 0]
