#-----------------------------------------------------------
# Vivado v2019.1 (64-bit)
# SW Build 2552052 on Fri May 24 14:49:42 MDT 2019
# IP Build 2548770 on Fri May 24 18:01:18 MDT 2019
# Start of session at: Wed Apr 28 09:35:41 2021
# Process ID: 28096
# Current directory: D:/OneDrive - ITESO/- Semestre 4/Fundamentos-de-Sistemas-Digitales-Vivado/Morse
# Command line: vivado.exe -gui_launcher_event rodinguilauncherevent4232 D:\OneDrive - ITESO\- Semestre 4\Fundamentos-de-Sistemas-Digitales-Vivado\Morse\Morse.xpr
# Log file: D:/OneDrive - ITESO/- Semestre 4/Fundamentos-de-Sistemas-Digitales-Vivado/Morse/vivado.log
# Journal file: D:/OneDrive - ITESO/- Semestre 4/Fundamentos-de-Sistemas-Digitales-Vivado/Morse\vivado.jou
#-----------------------------------------------------------
start_gui
open_project {D:/OneDrive - ITESO/- Semestre 4/Fundamentos-de-Sistemas-Digitales-Vivado/Morse/Morse.xpr}
file mkdir D:/OneDrive - ITESO/- Semestre 4/Fundamentos-de-Sistemas-Digitales-Vivado/Morse/Morse.srcs/sources_1/new
file mkdir D:/OneDrive - ITESO/- Semestre 4/Fundamentos-de-Sistemas-Digitales-Vivado/Morse/Morse.srcs/sources_1/new
file mkdir D:/OneDrive - ITESO/- Semestre 4/Fundamentos-de-Sistemas-Digitales-Vivado/Morse/Morse.srcs/sources_1/new
file mkdir D:/OneDrive - ITESO/- Semestre 4/Fundamentos-de-Sistemas-Digitales-Vivado/Morse/Morse.srcs/sources_1/new
file mkdir D:/OneDrive - ITESO/- Semestre 4/Fundamentos-de-Sistemas-Digitales-Vivado/Morse/Morse.srcs/sources_1/new
file mkdir D:/OneDrive - ITESO/- Semestre 4/Fundamentos-de-Sistemas-Digitales-Vivado/Morse/Morse.srcs/sources_1/new
file mkdir D:/OneDrive - ITESO/- Semestre 4/Fundamentos-de-Sistemas-Digitales-Vivado/Morse/Morse.srcs/sources_1/new
file mkdir D:/OneDrive - ITESO/- Semestre 4/Fundamentos-de-Sistemas-Digitales-Vivado/Morse/Morse.srcs/sources_1/new
file mkdir D:/OneDrive - ITESO/- Semestre 4/Fundamentos-de-Sistemas-Digitales-Vivado/Morse/Morse.srcs/sources_1/new
file mkdir D:/OneDrive - ITESO/- Semestre 4/Fundamentos-de-Sistemas-Digitales-Vivado/Morse/Morse.srcs/sources_1/new
file mkdir D:/OneDrive - ITESO/- Semestre 4/Fundamentos-de-Sistemas-Digitales-Vivado/Morse/Morse.srcs/sources_1/new
file mkdir D:/OneDrive - ITESO/- Semestre 4/Fundamentos-de-Sistemas-Digitales-Vivado/Morse/Morse.srcs/sources_1/new
file mkdir D:/OneDrive - ITESO/- Semestre 4/Fundamentos-de-Sistemas-Digitales-Vivado/Morse/Morse.srcs/sources_1/new
file mkdir D:/OneDrive - ITESO/- Semestre 4/Fundamentos-de-Sistemas-Digitales-Vivado/Morse/Morse.srcs/sources_1/new
file mkdir D:/OneDrive - ITESO/- Semestre 4/Fundamentos-de-Sistemas-Digitales-Vivado/Morse/Morse.srcs/sources_1/new
file mkdir D:/OneDrive - ITESO/- Semestre 4/Fundamentos-de-Sistemas-Digitales-Vivado/Morse/Morse.srcs/sources_1/new
file mkdir D:/OneDrive - ITESO/- Semestre 4/Fundamentos-de-Sistemas-Digitales-Vivado/Morse/Morse.srcs/sources_1/new
file mkdir D:/OneDrive - ITESO/- Semestre 4/Fundamentos-de-Sistemas-Digitales-Vivado/Morse/Morse.srcs/sources_1/new
file mkdir D:/OneDrive - ITESO/- Semestre 4/Fundamentos-de-Sistemas-Digitales-Vivado/Morse/Morse.srcs/sources_1/new
file mkdir D:/OneDrive - ITESO/- Semestre 4/Fundamentos-de-Sistemas-Digitales-Vivado/Morse/Morse.srcs/sources_1/new
file mkdir D:/OneDrive - ITESO/- Semestre 4/Fundamentos-de-Sistemas-Digitales-Vivado/Morse/Morse.srcs/sources_1/new
file mkdir D:/OneDrive - ITESO/- Semestre 4/Fundamentos-de-Sistemas-Digitales-Vivado/Morse/Morse.srcs/sources_1/new
file mkdir {D:/OneDrive - ITESO/- Semestre 4/Fundamentos-de-Sistemas-Digitales-Vivado/Morse/Morse.srcs/sources_1/new}
close [ open {D:/OneDrive - ITESO/- Semestre 4/Fundamentos-de-Sistemas-Digitales-Vivado/Morse/Morse.srcs/sources_1/new/HSecond.v} w ]
add_files {{D:/OneDrive - ITESO/- Semestre 4/Fundamentos-de-Sistemas-Digitales-Vivado/Morse/Morse.srcs/sources_1/new/HSecond.v}}
close [ open {D:/OneDrive - ITESO/- Semestre 4/Fundamentos-de-Sistemas-Digitales-Vivado/Morse/Morse.srcs/sources_1/new/Morse.v} w ]
add_files {{D:/OneDrive - ITESO/- Semestre 4/Fundamentos-de-Sistemas-Digitales-Vivado/Morse/Morse.srcs/sources_1/new/Morse.v}}
close [ open {D:/OneDrive - ITESO/- Semestre 4/Fundamentos-de-Sistemas-Digitales-Vivado/Morse/Morse.srcs/sources_1/new/OSecond.v} w ]
add_files {{D:/OneDrive - ITESO/- Semestre 4/Fundamentos-de-Sistemas-Digitales-Vivado/Morse/Morse.srcs/sources_1/new/OSecond.v}}
update_compile_order -fileset sources_1
# Disabling source management mode.  This is to allow the top design properties to be set without GUI intervention.
set_property source_mgmt_mode None [current_project]
set_property top Morse [current_fileset]
# Re-enabling previously disabled source management mode.
set_property source_mgmt_mode All [current_project]
update_compile_order -fileset sources_1
close [ open {D:/OneDrive - ITESO/- Semestre 4/Fundamentos-de-Sistemas-Digitales-Vivado/Morse/Morse.srcs/sources_1/new/Clocks.v} w ]
add_files {{D:/OneDrive - ITESO/- Semestre 4/Fundamentos-de-Sistemas-Digitales-Vivado/Morse/Morse.srcs/sources_1/new/Clocks.v}}
update_compile_order -fileset sources_1
update_compile_order -fileset sources_1
update_compile_order -fileset sources_1
update_compile_order -fileset sources_1
