#-----------------------------------------------------------
# Vivado v2019.1 (64-bit)
# SW Build 2552052 on Fri May 24 14:49:42 MDT 2019
# IP Build 2548770 on Fri May 24 18:01:18 MDT 2019
# Start of session at: Wed Apr 28 11:34:09 2021
# Process ID: 20044
# Current directory: D:/OneDrive - ITESO/- Semestre 4/Fundamentos-de-Sistemas-Digitales-Vivado/Morse
# Command line: vivado.exe -gui_launcher_event rodinguilauncherevent25440 D:\OneDrive - ITESO\- Semestre 4\Fundamentos-de-Sistemas-Digitales-Vivado\Morse\Morse.xpr
# Log file: D:/OneDrive - ITESO/- Semestre 4/Fundamentos-de-Sistemas-Digitales-Vivado/Morse/vivado.log
# Journal file: D:/OneDrive - ITESO/- Semestre 4/Fundamentos-de-Sistemas-Digitales-Vivado/Morse\vivado.jou
#-----------------------------------------------------------
start_gui
open_project {D:/OneDrive - ITESO/- Semestre 4/Fundamentos-de-Sistemas-Digitales-Vivado/Morse/Morse.xpr}
update_compile_order -fileset sources_1
create_project LEDs {D:/OneDrive - ITESO/- Semestre 4/Fundamentos-de-Sistemas-Digitales-Vivado/LEDs} -part xc7a35ticpg236-1L
file mkdir D:/OneDrive - ITESO/- Semestre 4/Fundamentos-de-Sistemas-Digitales-Vivado/LEDs/LEDs.srcs/sources_1/new
file mkdir D:/OneDrive - ITESO/- Semestre 4/Fundamentos-de-Sistemas-Digitales-Vivado/LEDs/LEDs.srcs/sources_1/new
file mkdir D:/OneDrive - ITESO/- Semestre 4/Fundamentos-de-Sistemas-Digitales-Vivado/LEDs/LEDs.srcs/sources_1/new
file mkdir D:/OneDrive - ITESO/- Semestre 4/Fundamentos-de-Sistemas-Digitales-Vivado/LEDs/LEDs.srcs/sources_1/new
file mkdir D:/OneDrive - ITESO/- Semestre 4/Fundamentos-de-Sistemas-Digitales-Vivado/LEDs/LEDs.srcs/sources_1/new
file mkdir D:/OneDrive - ITESO/- Semestre 4/Fundamentos-de-Sistemas-Digitales-Vivado/LEDs/LEDs.srcs/sources_1/new
file mkdir {D:/OneDrive - ITESO/- Semestre 4/Fundamentos-de-Sistemas-Digitales-Vivado/LEDs/LEDs.srcs/sources_1/new}
close [ open {D:/OneDrive - ITESO/- Semestre 4/Fundamentos-de-Sistemas-Digitales-Vivado/LEDs/LEDs.srcs/sources_1/new/OSecond.v} w ]
add_files {{D:/OneDrive - ITESO/- Semestre 4/Fundamentos-de-Sistemas-Digitales-Vivado/LEDs/LEDs.srcs/sources_1/new/OSecond.v}}
update_compile_order -fileset sources_1
close [ open {D:/OneDrive - ITESO/- Semestre 4/Fundamentos-de-Sistemas-Digitales-Vivado/LEDs/LEDs.srcs/sources_1/new/HSecond.v} w ]
add_files {{D:/OneDrive - ITESO/- Semestre 4/Fundamentos-de-Sistemas-Digitales-Vivado/LEDs/LEDs.srcs/sources_1/new/HSecond.v}}
update_compile_order -fileset sources_1
update_compile_order -fileset sources_1
close [ open {D:/OneDrive - ITESO/- Semestre 4/Fundamentos-de-Sistemas-Digitales-Vivado/LEDs/LEDs.srcs/sources_1/new/Top.v} w ]
add_files {{D:/OneDrive - ITESO/- Semestre 4/Fundamentos-de-Sistemas-Digitales-Vivado/LEDs/LEDs.srcs/sources_1/new/Top.v}}
export_ip_user_files -of_objects  [get_files {{D:/OneDrive - ITESO/- Semestre 4/Fundamentos-de-Sistemas-Digitales-Vivado/LEDs/LEDs.srcs/sources_1/new/Top.v}}] -no_script -reset -force -quiet
remove_files  {{D:/OneDrive - ITESO/- Semestre 4/Fundamentos-de-Sistemas-Digitales-Vivado/LEDs/LEDs.srcs/sources_1/new/Top.v}}
export_ip_user_files -of_objects  [get_files {{D:/OneDrive - ITESO/- Semestre 4/Fundamentos-de-Sistemas-Digitales-Vivado/LEDs/LEDs.srcs/sources_1/new/HSecond.v}}] -no_script -reset -force -quiet
remove_files  {{D:/OneDrive - ITESO/- Semestre 4/Fundamentos-de-Sistemas-Digitales-Vivado/LEDs/LEDs.srcs/sources_1/new/HSecond.v}}
export_ip_user_files -of_objects  [get_files {{D:/OneDrive - ITESO/- Semestre 4/Fundamentos-de-Sistemas-Digitales-Vivado/LEDs/LEDs.srcs/sources_1/new/OSecond.v}}] -no_script -reset -force -quiet
remove_files  {{D:/OneDrive - ITESO/- Semestre 4/Fundamentos-de-Sistemas-Digitales-Vivado/LEDs/LEDs.srcs/sources_1/new/OSecond.v}}
add_files -norecurse {{D:/OneDrive - ITESO/- Semestre 4/Fundamentos-de-Sistemas-Digitales-Vivado/LEDs/LEDs.srcs/sources_1/new/OSecond.v} {D:/OneDrive - ITESO/- Semestre 4/Fundamentos-de-Sistemas-Digitales-Vivado/LEDs/LEDs.srcs/sources_1/new/HSecond.v}}
export_ip_user_files -of_objects  [get_files {{D:/OneDrive - ITESO/- Semestre 4/Fundamentos-de-Sistemas-Digitales-Vivado/LEDs/LEDs.srcs/sources_1/new/OSecond.v}}] -no_script -reset -force -quiet
remove_files  {{D:/OneDrive - ITESO/- Semestre 4/Fundamentos-de-Sistemas-Digitales-Vivado/LEDs/LEDs.srcs/sources_1/new/OSecond.v}}
export_ip_user_files -of_objects  [get_files {{D:/OneDrive - ITESO/- Semestre 4/Fundamentos-de-Sistemas-Digitales-Vivado/LEDs/LEDs.srcs/sources_1/new/HSecond.v}}] -no_script -reset -force -quiet
remove_files  {{D:/OneDrive - ITESO/- Semestre 4/Fundamentos-de-Sistemas-Digitales-Vivado/LEDs/LEDs.srcs/sources_1/new/HSecond.v}}
close [ open {D:/OneDrive - ITESO/- Semestre 4/Fundamentos-de-Sistemas-Digitales-Vivado/LEDs/LEDs.srcs/sources_1/new/OSecond.v} w ]
add_files {{D:/OneDrive - ITESO/- Semestre 4/Fundamentos-de-Sistemas-Digitales-Vivado/LEDs/LEDs.srcs/sources_1/new/OSecond.v}}
close [ open {D:/OneDrive - ITESO/- Semestre 4/Fundamentos-de-Sistemas-Digitales-Vivado/LEDs/LEDs.srcs/sources_1/new/HSecond.v} w ]
add_files {{D:/OneDrive - ITESO/- Semestre 4/Fundamentos-de-Sistemas-Digitales-Vivado/LEDs/LEDs.srcs/sources_1/new/HSecond.v}}
update_compile_order -fileset sources_1
close_project
create_project LEDs {D:/OneDrive - ITESO/- Semestre 4/Fundamentos-de-Sistemas-Digitales-Vivado/LEDs} -part xc7a35ticpg236-1L
file mkdir D:/OneDrive - ITESO/- Semestre 4/Fundamentos-de-Sistemas-Digitales-Vivado/LEDs/LEDs.srcs/sources_1/new
file mkdir D:/OneDrive - ITESO/- Semestre 4/Fundamentos-de-Sistemas-Digitales-Vivado/LEDs/LEDs.srcs/sources_1/new
file mkdir D:/OneDrive - ITESO/- Semestre 4/Fundamentos-de-Sistemas-Digitales-Vivado/LEDs/LEDs.srcs/sources_1/new
file mkdir D:/OneDrive - ITESO/- Semestre 4/Fundamentos-de-Sistemas-Digitales-Vivado/LEDs/LEDs.srcs/sources_1/new
file mkdir D:/OneDrive - ITESO/- Semestre 4/Fundamentos-de-Sistemas-Digitales-Vivado/LEDs/LEDs.srcs/sources_1/new
file mkdir D:/OneDrive - ITESO/- Semestre 4/Fundamentos-de-Sistemas-Digitales-Vivado/LEDs/LEDs.srcs/sources_1/new
file mkdir D:/OneDrive - ITESO/- Semestre 4/Fundamentos-de-Sistemas-Digitales-Vivado/LEDs/LEDs.srcs/sources_1/new
file mkdir D:/OneDrive - ITESO/- Semestre 4/Fundamentos-de-Sistemas-Digitales-Vivado/LEDs/LEDs.srcs/sources_1/new
file mkdir D:/OneDrive - ITESO/- Semestre 4/Fundamentos-de-Sistemas-Digitales-Vivado/LEDs/LEDs.srcs/sources_1/new
file mkdir D:/OneDrive - ITESO/- Semestre 4/Fundamentos-de-Sistemas-Digitales-Vivado/LEDs/LEDs.srcs/sources_1/new
file mkdir D:/OneDrive - ITESO/- Semestre 4/Fundamentos-de-Sistemas-Digitales-Vivado/LEDs/LEDs.srcs/sources_1/new
file mkdir D:/OneDrive - ITESO/- Semestre 4/Fundamentos-de-Sistemas-Digitales-Vivado/LEDs/LEDs.srcs/sources_1/new
file mkdir D:/OneDrive - ITESO/- Semestre 4/Fundamentos-de-Sistemas-Digitales-Vivado/LEDs/LEDs.srcs/sources_1/new
file mkdir D:/OneDrive - ITESO/- Semestre 4/Fundamentos-de-Sistemas-Digitales-Vivado/LEDs/LEDs.srcs/sources_1/new
file mkdir D:/OneDrive - ITESO/- Semestre 4/Fundamentos-de-Sistemas-Digitales-Vivado/LEDs/LEDs.srcs/sources_1/new
file mkdir D:/OneDrive - ITESO/- Semestre 4/Fundamentos-de-Sistemas-Digitales-Vivado/LEDs/LEDs.srcs/sources_1/new
file mkdir D:/OneDrive - ITESO/- Semestre 4/Fundamentos-de-Sistemas-Digitales-Vivado/LEDs/LEDs.srcs/sources_1/new
file mkdir D:/OneDrive - ITESO/- Semestre 4/Fundamentos-de-Sistemas-Digitales-Vivado/LEDs/LEDs.srcs/sources_1/new
file mkdir D:/OneDrive - ITESO/- Semestre 4/Fundamentos-de-Sistemas-Digitales-Vivado/LEDs/LEDs.srcs/sources_1/new
file mkdir D:/OneDrive - ITESO/- Semestre 4/Fundamentos-de-Sistemas-Digitales-Vivado/LEDs/LEDs.srcs/sources_1/new
file mkdir D:/OneDrive - ITESO/- Semestre 4/Fundamentos-de-Sistemas-Digitales-Vivado/LEDs/LEDs.srcs/sources_1/new
file mkdir D:/OneDrive - ITESO/- Semestre 4/Fundamentos-de-Sistemas-Digitales-Vivado/LEDs/LEDs.srcs/sources_1/new
file mkdir D:/OneDrive - ITESO/- Semestre 4/Fundamentos-de-Sistemas-Digitales-Vivado/LEDs/LEDs.srcs/sources_1/new
file mkdir D:/OneDrive - ITESO/- Semestre 4/Fundamentos-de-Sistemas-Digitales-Vivado/LEDs/LEDs.srcs/sources_1/new
file mkdir D:/OneDrive - ITESO/- Semestre 4/Fundamentos-de-Sistemas-Digitales-Vivado/LEDs/LEDs.srcs/sources_1/new
file mkdir D:/OneDrive - ITESO/- Semestre 4/Fundamentos-de-Sistemas-Digitales-Vivado/LEDs/LEDs.srcs/sources_1/new
file mkdir D:/OneDrive - ITESO/- Semestre 4/Fundamentos-de-Sistemas-Digitales-Vivado/LEDs/LEDs.srcs/sources_1/new
file mkdir D:/OneDrive - ITESO/- Semestre 4/Fundamentos-de-Sistemas-Digitales-Vivado/LEDs/LEDs.srcs/sources_1/new
file mkdir {D:/OneDrive - ITESO/- Semestre 4/Fundamentos-de-Sistemas-Digitales-Vivado/LEDs/LEDs.srcs/sources_1/new}
close [ open {D:/OneDrive - ITESO/- Semestre 4/Fundamentos-de-Sistemas-Digitales-Vivado/LEDs/LEDs.srcs/sources_1/new/OSecond.v} w ]
add_files {{D:/OneDrive - ITESO/- Semestre 4/Fundamentos-de-Sistemas-Digitales-Vivado/LEDs/LEDs.srcs/sources_1/new/OSecond.v}}
close [ open {D:/OneDrive - ITESO/- Semestre 4/Fundamentos-de-Sistemas-Digitales-Vivado/LEDs/LEDs.srcs/sources_1/new/HSecond.v} w ]
add_files {{D:/OneDrive - ITESO/- Semestre 4/Fundamentos-de-Sistemas-Digitales-Vivado/LEDs/LEDs.srcs/sources_1/new/HSecond.v}}
close [ open {D:/OneDrive - ITESO/- Semestre 4/Fundamentos-de-Sistemas-Digitales-Vivado/LEDs/LEDs.srcs/sources_1/new/Leds.v} w ]
add_files {{D:/OneDrive - ITESO/- Semestre 4/Fundamentos-de-Sistemas-Digitales-Vivado/LEDs/LEDs.srcs/sources_1/new/Leds.v}}
update_compile_order -fileset sources_1
update_compile_order -fileset sources_1
open_project {D:/OneDrive - ITESO/- Semestre 4/Fundamentos de Sistemas Digitales/Practica 3/sistemasDigitales/Cronometro/Cronometro.xpr}
update_compile_order -fileset sources_1
current_project LEDs
update_compile_order -fileset sources_1
update_compile_order -fileset sources_1
update_compile_order -fileset sources_1
open_project {D:/OneDrive - ITESO/- Semestre 4/Fundamentos-de-Sistemas-Digitales-Vivado/SumadorRestadorNBits/SumadorRestadorNBits.xpr}
update_compile_order -fileset sources_1
close_project
open_project {D:/OneDrive - ITESO/- Semestre 4/Fundamentos-de-Sistemas-Digitales-Vivado/Sumador4bits/Sumador4bits.xpr}
update_compile_order -fileset sources_1
reorder_files -fileset constrs_1 -after {D:/OneDrive - ITESO/- Semestre 4/Fundamentos-de-Sistemas-Digitales-Vivado/Sumador4bits/Basys-3-Master.xdc} {{D:/OneDrive - ITESO/- Semestre 4/Fundamentos-de-Sistemas-Digitales-Vivado/Sumador4bits/Basys-3-Master.xdc}}
current_project LEDs
file mkdir D:/OneDrive - ITESO/- Semestre 4/Fundamentos-de-Sistemas-Digitales-Vivado/LEDs/LEDs.srcs/constrs_1
file mkdir D:/OneDrive - ITESO/- Semestre 4/Fundamentos-de-Sistemas-Digitales-Vivado/LEDs/LEDs.srcs/constrs_1
file mkdir D:/OneDrive - ITESO/- Semestre 4/Fundamentos-de-Sistemas-Digitales-Vivado/LEDs/LEDs.srcs/constrs_1/new
file mkdir D:/OneDrive - ITESO/- Semestre 4/Fundamentos-de-Sistemas-Digitales-Vivado/LEDs/LEDs.srcs/constrs_1/new
file mkdir D:/OneDrive - ITESO/- Semestre 4/Fundamentos-de-Sistemas-Digitales-Vivado/LEDs/LEDs.srcs/constrs_1/new
file mkdir D:/OneDrive - ITESO/- Semestre 4/Fundamentos-de-Sistemas-Digitales-Vivado/LEDs/LEDs.srcs/constrs_1/new
file mkdir D:/OneDrive - ITESO/- Semestre 4/Fundamentos-de-Sistemas-Digitales-Vivado/LEDs/LEDs.srcs/constrs_1
file mkdir {D:/OneDrive - ITESO/- Semestre 4/Fundamentos-de-Sistemas-Digitales-Vivado/LEDs/LEDs.srcs/constrs_1/new}
close [ open {D:/OneDrive - ITESO/- Semestre 4/Fundamentos-de-Sistemas-Digitales-Vivado/LEDs/LEDs.srcs/constrs_1/new/Basys3.xdc} w ]
add_files -fileset constrs_1 {{D:/OneDrive - ITESO/- Semestre 4/Fundamentos-de-Sistemas-Digitales-Vivado/LEDs/LEDs.srcs/constrs_1/new/Basys3.xdc}}
current_project Cronometro
current_project LEDs
launch_runs impl_1 -to_step write_bitstream -jobs 16
wait_on_run impl_1
current_project Cronometro
current_project LEDs
reset_run synth_1
launch_runs impl_1 -to_step write_bitstream -jobs 16
wait_on_run impl_1
reset_run synth_1
launch_runs impl_1 -to_step write_bitstream -jobs 16
wait_on_run impl_1
current_project Sumador4bits
close_project
open_project {D:/OneDrive - ITESO/- Semestre 4/Fundamentos-de-Sistemas-Digitales-Vivado/Apagador Escalera/Apagador Escalera.xpr}
update_compile_order -fileset sources_1
current_project LEDs
reset_run synth_1
launch_runs impl_1 -to_step write_bitstream -jobs 16
wait_on_run impl_1
reset_run synth_1
launch_runs impl_1 -to_step write_bitstream -jobs 16
wait_on_run impl_1
reset_run synth_1
launch_runs impl_1 -to_step write_bitstream -jobs 16
wait_on_run impl_1
reset_run synth_1
launch_runs impl_1 -to_step write_bitstream -jobs 16
wait_on_run impl_1
close [ open {D:/OneDrive - ITESO/- Semestre 4/Fundamentos-de-Sistemas-Digitales-Vivado/LEDs/LEDs.srcs/sources_1/new/Clocks.v} w ]
add_files {{D:/OneDrive - ITESO/- Semestre 4/Fundamentos-de-Sistemas-Digitales-Vivado/LEDs/LEDs.srcs/sources_1/new/Clocks.v}}
update_compile_order -fileset sources_1
current_project Cronometro
current_project LEDs
update_compile_order -fileset sources_1
update_compile_order -fileset sources_1
reset_run synth_1
launch_runs impl_1 -to_step write_bitstream -jobs 16
wait_on_run impl_1
reset_run synth_1
launch_runs impl_1 -to_step write_bitstream -jobs 16
wait_on_run impl_1
reset_run synth_1
launch_runs impl_1 -to_step write_bitstream -jobs 16
wait_on_run impl_1
reset_run synth_1
launch_runs impl_1 -to_step write_bitstream -jobs 16
wait_on_run impl_1
reset_run synth_1
launch_runs impl_1 -to_step write_bitstream -jobs 16
wait_on_run impl_1
close_project
current_project Cronometro
close_project
current_project Morse
close_project
close_project
open_project {D:/OneDrive - ITESO/- Semestre 4/Fundamentos de Sistemas Digitales/Practica 3/sistemasDigitales/Cronometro/Cronometro.xpr}
update_compile_order -fileset sources_1
