#-----------------------------------------------------------
# Vivado v2019.1 (64-bit)
# SW Build 2552052 on Fri May 24 14:49:42 MDT 2019
# IP Build 2548770 on Fri May 24 18:01:18 MDT 2019
# Start of session at: Tue May 11 12:07:38 2021
# Process ID: 324
# Current directory: C:/Users/Jonathan/Downloads/Vivado2018.2_project_file/morse_code_encoder
# Command line: vivado.exe -gui_launcher_event rodinguilauncherevent19788 C:\Users\Jonathan\Downloads\Vivado2018.2_project_file\morse_code_encoder\morse_code_encoder.xpr
# Log file: C:/Users/Jonathan/Downloads/Vivado2018.2_project_file/morse_code_encoder/vivado.log
# Journal file: C:/Users/Jonathan/Downloads/Vivado2018.2_project_file/morse_code_encoder\vivado.jou
#-----------------------------------------------------------
start_gui
open_project C:/Users/Jonathan/Downloads/Vivado2018.2_project_file/morse_code_encoder/morse_code_encoder.xpr
update_compile_order -fileset sources_1
close [ open C:/Users/Jonathan/Downloads/Vivado2018.2_project_file/morse_code_encoder/morse_code_encoder.srcs/sources_1/new/uartRX.v w ]
add_files C:/Users/Jonathan/Downloads/Vivado2018.2_project_file/morse_code_encoder/morse_code_encoder.srcs/sources_1/new/uartRX.v
update_compile_order -fileset sources_1
# Disabling source management mode.  This is to allow the top design properties to be set without GUI intervention.
set_property source_mgmt_mode None [current_project]
set_property top uartRX [current_fileset]
# Re-enabling previously disabled source management mode.
set_property source_mgmt_mode All [current_project]
update_compile_order -fileset sources_1
